// Jest Snapshot v1, https://goo.gl/fbAQLP

exports[`App renders Projects 1`] = `
<WithStyles(Typography)
  component="h3"
  variant="h2"
>
  Projects
</WithStyles(Typography)>
`;

exports[`App renders default props 1`] = `
<Fragment>
  <WithStyles(CssBaseline) />
  <MuiThemeProviderOld
    theme={
      Object {
        "breakpoints": Object {
          "up": [MockFunction],
        },
        "spacing": Object {
          "unit": 1,
        },
        "typography": Object {
          "useNextVariants": true,
        },
        "zIndex": Object {
          "drawer": 1,
        },
      }
    }
  >
    <BrowserRouter>
      <div
        className="root"
      >
        <WithStyles(TitleBar)
          title="test"
        />
        <WithStyles(NavDrawer)
          items={
            Array [
              Object {
                "Icon": [Function],
                "isRouteExact": true,
                "label": "Home",
                "page": [Function],
                "to": "/",
              },
              Object {
                "Icon": [Function],
                "isRouteExact": false,
                "label": "About me",
                "page": [Function],
                "to": "/about",
              },
              Object {
                "Icon": [Function],
                "isRouteExact": false,
                "label": "Gallery",
                "page": [Function],
                "to": "/gallery",
              },
              Object {
                "Icon": [Function],
                "isRouteExact": false,
                "label": "Projects",
                "page": [Function],
                "to": "/projects",
              },
            ]
          }
        />
        <main
          className="content"
        >
          <div
            className="toolbar"
          />
          <Route
            component={[Function]}
            exact={true}
            key="/"
            path="/"
          />
          <Route
            component={[Function]}
            exact={false}
            key="/about"
            path="/about"
          />
          <Route
            component={[Function]}
            exact={false}
            key="/gallery"
            path="/gallery"
          />
          <Route
            component={[Function]}
            exact={false}
            key="/projects"
            path="/projects"
          />
        </main>
      </div>
    </BrowserRouter>
  </MuiThemeProviderOld>
</Fragment>
`;
