// Jest Snapshot v1, https://goo.gl/fbAQLP

exports[`ResponsiveDrawer renders default props 1`] = `
<div
  className="root"
>
  <WithStyles(AppBar)
    className="appBar"
    position="fixed"
  >
    <WithStyles(Toolbar)>
      <WithStyles(IconButton)
        aria-label="Open drawer"
        className="menuButton"
        color="inherit"
        onClick={[Function]}
      >
        <pure(MenuIcon) />
      </WithStyles(IconButton)>
      <WithStyles(Typography)
        color="inherit"
        noWrap={true}
        variant="h6"
      >
        test
      </WithStyles(Typography)>
    </WithStyles(Toolbar)>
  </WithStyles(AppBar)>
  <nav
    className="drawer"
  >
    <Hidden
      implementation="css"
      lgDown={false}
      lgUp={false}
      mdDown={false}
      mdUp={true}
      smDown={false}
      smUp={false}
      xlDown={false}
      xlUp={false}
      xsDown={false}
      xsUp={false}
    >
      <WithStyles(Drawer)
        ModalProps={
          Object {
            "keepMounted": true,
          }
        }
        anchor="left"
        classes={
          Object {
            "paper": "drawerPaper",
          }
        }
        onClose={[Function]}
        open={false}
        variant="temporary"
      >
        <div>
          <div
            className="toolbar"
          />
          <WithStyles(Divider) />
          <WithStyles(List)>
            <WithStyles(ListItem)
              button={true}
              component={[Function]}
              key="Home"
              onClick={[Function]}
              to="/"
            >
              <WithStyles(ListItemIcon)>
                <pure(HomeIcon) />
              </WithStyles(ListItemIcon)>
              <WithStyles(ListItemText)
                primary="Home"
              />
            </WithStyles(ListItem)>
            <WithStyles(ListItem)
              button={true}
              component={[Function]}
              key="About me"
              onClick={[Function]}
              to="/about"
            >
              <WithStyles(ListItemIcon)>
                <pure(HelpIcon) />
              </WithStyles(ListItemIcon)>
              <WithStyles(ListItemText)
                primary="About me"
              />
            </WithStyles(ListItem)>
            <WithStyles(ListItem)
              button={true}
              component={[Function]}
              key="Gallery"
              onClick={[Function]}
              to="/gallery"
            >
              <WithStyles(ListItemIcon)>
                <pure(CameraIcon) />
              </WithStyles(ListItemIcon)>
              <WithStyles(ListItemText)
                primary="Gallery"
              />
            </WithStyles(ListItem)>
            <WithStyles(ListItem)
              button={true}
              component={[Function]}
              key="Projects"
              onClick={[Function]}
              to="/projects"
            >
              <WithStyles(ListItemIcon)>
                <pure(CodeIcon) />
              </WithStyles(ListItemIcon)>
              <WithStyles(ListItemText)
                primary="Projects"
              />
            </WithStyles(ListItem)>
          </WithStyles(List)>
          <WithStyles(Divider) />
          <div
            className="social"
          >
            <div
              className="twitter"
            >
              <Follow
                onLoad={[Function]}
                options={Object {}}
                username="chrisdopuch"
              />
            </div>
            <a
              aria-label="Follow @chrisdopuch on GitHub"
              className="github-button"
              href="https://github.com/chrisdopuch"
            >
              Follow @chrisdopuch
            </a>
          </div>
        </div>
      </WithStyles(Drawer)>
    </Hidden>
    <Hidden
      implementation="css"
      lgDown={false}
      lgUp={false}
      mdDown={false}
      mdUp={false}
      smDown={true}
      smUp={false}
      xlDown={false}
      xlUp={false}
      xsDown={false}
      xsUp={false}
    >
      <WithStyles(Drawer)
        classes={
          Object {
            "paper": "drawerPaper",
          }
        }
        open={true}
        variant="permanent"
      >
        <div>
          <div
            className="toolbar"
          />
          <WithStyles(Divider) />
          <WithStyles(List)>
            <WithStyles(ListItem)
              button={true}
              component={[Function]}
              key="Home"
              onClick={[Function]}
              to="/"
            >
              <WithStyles(ListItemIcon)>
                <pure(HomeIcon) />
              </WithStyles(ListItemIcon)>
              <WithStyles(ListItemText)
                primary="Home"
              />
            </WithStyles(ListItem)>
            <WithStyles(ListItem)
              button={true}
              component={[Function]}
              key="About me"
              onClick={[Function]}
              to="/about"
            >
              <WithStyles(ListItemIcon)>
                <pure(HelpIcon) />
              </WithStyles(ListItemIcon)>
              <WithStyles(ListItemText)
                primary="About me"
              />
            </WithStyles(ListItem)>
            <WithStyles(ListItem)
              button={true}
              component={[Function]}
              key="Gallery"
              onClick={[Function]}
              to="/gallery"
            >
              <WithStyles(ListItemIcon)>
                <pure(CameraIcon) />
              </WithStyles(ListItemIcon)>
              <WithStyles(ListItemText)
                primary="Gallery"
              />
            </WithStyles(ListItem)>
            <WithStyles(ListItem)
              button={true}
              component={[Function]}
              key="Projects"
              onClick={[Function]}
              to="/projects"
            >
              <WithStyles(ListItemIcon)>
                <pure(CodeIcon) />
              </WithStyles(ListItemIcon)>
              <WithStyles(ListItemText)
                primary="Projects"
              />
            </WithStyles(ListItem)>
          </WithStyles(List)>
          <WithStyles(Divider) />
          <div
            className="social"
          >
            <div
              className="twitter"
            >
              <Follow
                onLoad={[Function]}
                options={Object {}}
                username="chrisdopuch"
              />
            </div>
            <a
              aria-label="Follow @chrisdopuch on GitHub"
              className="github-button"
              href="https://github.com/chrisdopuch"
            >
              Follow @chrisdopuch
            </a>
          </div>
        </div>
      </WithStyles(Drawer)>
    </Hidden>
  </nav>
  <main
    className="content"
  >
    <div
      className="toolbar"
    />
    <Route
      component={[Function]}
      exact={true}
      path="/"
    />
    <Route
      component={[Function]}
      path="/about"
    />
    <Route
      component={[Function]}
      path="/gallery"
    />
    <Route
      component={[Function]}
      path="/projects"
    />
  </main>
</div>
`;
