// Jest Snapshot v1, https://goo.gl/fbAQLP

exports[`About Header should render with default props 1`] = `
<header>
  <WithStyles(Typography)
    component="h3"
    variant="h2"
  >
    About me
  </WithStyles(Typography)>
  <WithStyles(Divider)
    className="divider"
  />
  <section>
    <WithStyles(Typography)
      component="p"
    >
      Hi, my name is Chris Dopuch and I'm a Software Engineer working in Portland, Oregon. I moved to Portland from Columbia, Missouri after graduating from University of Missouri with both a CS and an IT degree. Currently I work as a Senior Software Engineer on the Trust Foundations team at Headway, where I work with technologies like Python, TypeScript, FastAPI, React, PostgreSQL, and more! My team is responsible for the core auth infrastructure that powers Headway's products, including authentication, authorization, privacy, security auditing, and other features that guard the integrity of Headway's products and data. I'm passionate about mental health and providing accessible therapy for all!
    </WithStyles(Typography)>
    <br />
    <WithStyles(Typography)
      component="p"
    >
      Outside of work I'm a rennaissance man with many passions and hobbies. My interests include painting, drawing, photography, gaming, and medieval reenactment. I am also an avid fitness enthusiast, with interests in weight lifting, running, yoga, and martial arts. On this site you can find many examples of my work including my art gallery as well as many of my programming projects.
    </WithStyles(Typography)>
  </section>
</header>
`;

exports[`About Main Component should render with default props 1`] = `
<article>
  <WithStyles(Paper)
    className="root"
    elevation={1}
  >
    <Header
      classes={
        Object {
          "avatar": "avatar",
          "centered": "centered",
          "divider": "divider",
          "gridContainer": "gridContainer",
          "list": "list",
          "root": "root",
        }
      }
      history={Object {}}
      location={Object {}}
      match={Object {}}
    />
    <Hidden
      implementation="css"
      lgDown={false}
      lgUp={false}
      mdDown={false}
      mdUp={false}
      smDown={true}
      smUp={false}
      xlDown={false}
      xlUp={false}
      xsDown={false}
      xsUp={false}
    >
      <WithStyles(Grid)
        className="gridContainer"
        container={true}
        spacing={24}
      >
        <WithStyles(Grid)
          item={true}
          xs={6}
        >
          <ProfilePicture
            classes={
              Object {
                "avatar": "avatar",
                "centered": "centered",
                "divider": "divider",
                "gridContainer": "gridContainer",
                "list": "list",
                "root": "root",
              }
            }
            history={Object {}}
            location={Object {}}
            match={Object {}}
          />
        </WithStyles(Grid)>
        <WithStyles(Grid)
          item={true}
          xs={6}
        >
          <QuickFacts
            classes={
              Object {
                "avatar": "avatar",
                "centered": "centered",
                "divider": "divider",
                "gridContainer": "gridContainer",
                "list": "list",
                "root": "root",
              }
            }
            history={Object {}}
            location={Object {}}
            match={Object {}}
          />
        </WithStyles(Grid)>
      </WithStyles(Grid)>
    </Hidden>
    <Hidden
      implementation="css"
      lgDown={false}
      lgUp={false}
      mdDown={false}
      mdUp={true}
      smDown={false}
      smUp={false}
      xlDown={false}
      xlUp={false}
      xsDown={false}
      xsUp={false}
    >
      <ProfilePicture
        classes={
          Object {
            "avatar": "avatar",
            "centered": "centered",
            "divider": "divider",
            "gridContainer": "gridContainer",
            "list": "list",
            "root": "root",
          }
        }
        history={Object {}}
        location={Object {}}
        match={Object {}}
      />
      <QuickFacts
        classes={
          Object {
            "avatar": "avatar",
            "centered": "centered",
            "divider": "divider",
            "gridContainer": "gridContainer",
            "list": "list",
            "root": "root",
          }
        }
        history={Object {}}
        location={Object {}}
        match={Object {}}
      />
    </Hidden>
  </WithStyles(Paper)>
</article>
`;

exports[`About ProfilePicture should render with default props 1`] = `
<div
  className="centered"
>
  <WithStyles(Avatar)
    alt="Chris Dopuch"
    className="avatar"
    src="me-singing.jpg"
  />
</div>
`;

exports[`About QuickFacts should render with default props 1`] = `
<Fragment>
  <WithStyles(Typography)
    component="h5"
    variant="h5"
  >
    Quick Facts
  </WithStyles(Typography)>
  <WithStyles(Divider)
    className="divider"
  />
  <div
    className="list"
  >
    <WithStyles(List)>
      <WithStyles(ListItem)
        divider={true}
        key="Location"
      >
        <WithStyles(ListItemAvatar)>
          <WithStyles(Avatar)>
            <pure(HomeIcon) />
          </WithStyles(Avatar)>
        </WithStyles(ListItemAvatar)>
        <WithStyles(ListItemText)
          primary="Location"
          secondary="Portland, Oregon"
        />
      </WithStyles(ListItem)>
      <WithStyles(ListItem)
        divider={true}
        key="Job Title"
      >
        <WithStyles(ListItemAvatar)>
          <WithStyles(Avatar)>
            <pure(WorkIcon) />
          </WithStyles(Avatar)>
        </WithStyles(ListItemAvatar)>
        <WithStyles(ListItemText)
          primary="Job Title"
          secondary="Senior Software Engineer at Headway"
        />
      </WithStyles(ListItem)>
      <WithStyles(ListItem)
        divider={false}
        key="Education"
      >
        <WithStyles(ListItemAvatar)>
          <WithStyles(Avatar)>
            <pure(SchoolIcon) />
          </WithStyles(Avatar)>
        </WithStyles(ListItemAvatar)>
        <WithStyles(ListItemText)
          primary="Education"
          secondary="BA in Computer Science, Univeristy of Missouri"
        />
      </WithStyles(ListItem)>
      <WithStyles(ListItem)
        divider={true}
        key="BS in Information Technology, Univeristy of Missouri"
      >
        <WithStyles(ListItemText)
          inset={true}
          secondary="BS in Information Technology, Univeristy of Missouri"
        />
      </WithStyles(ListItem)>
      <WithStyles(ListItem)
        divider={true}
        key="Frontend Technologies"
      >
        <WithStyles(ListItemAvatar)>
          <WithStyles(Avatar)>
            <pure(BuildIcon) />
          </WithStyles(Avatar)>
        </WithStyles(ListItemAvatar)>
        <WithStyles(ListItemText)
          primary="Frontend Technologies"
          secondary="HTML, CSS, JavaScript, React, TypeScript, TailwindCSS, Material-UI, NextJS"
        />
      </WithStyles(ListItem)>
      <WithStyles(ListItem)
        divider={true}
        key="Backend Technologies"
      >
        <WithStyles(ListItemAvatar)>
          <WithStyles(Avatar)>
            <pure(ComputerIcon) />
          </WithStyles(Avatar)>
        </WithStyles(ListItemAvatar)>
        <WithStyles(ListItemText)
          primary="Backend Technologies"
          secondary="Python, NodeJS, PHP, FastAPI, Django, PostgreSQL, Docker, Kubernetes, AWS"
        />
      </WithStyles(ListItem)>
      <WithStyles(ListItem)
        component="a"
        divider={true}
        href="http://github.com/chrisdopuch"
        key="Github Profile"
      >
        <WithStyles(ListItemAvatar)>
          <WithStyles(Avatar)>
            <pure(CodeIcon) />
          </WithStyles(Avatar)>
        </WithStyles(ListItemAvatar)>
        <WithStyles(ListItemText)
          primary="Github Profile"
          secondary="http://github.com/chrisdopuch"
        />
      </WithStyles(ListItem)>
    </WithStyles(List)>
  </div>
</Fragment>
`;
