// Jest Snapshot v1, https://goo.gl/fbAQLP

exports[`Gallery should render with default props 1`] = `
<WithStyles(Paper)
  className="root"
  elevation={1}
>
  <WithStyles(Typography)
    className="header"
    variant="h2"
  >
    Gallery
  </WithStyles(Typography)>
  <WithStyles(Typography)
    component="p"
  >
    Here you will find a collection of projects and passions of mine, from computing to painting and everything in between. Miniature painting and drawing have been long-term interests of mine, and this gallery includes images from my time playing Warhammer, Warmachine, and various tabletop RPGs. This gallery also exhibits some of my various computing projects, from custom gaming rigs to autonomous flying vehicles.
  </WithStyles(Typography)>
  <WithStyles(Divider)
    className="divider"
  />
  <Gallery
    backdropClosesModal={false}
    currentImage={0}
    enableImageSelection={false}
    enableKeyboardInput={true}
    enableLightbox={true}
    id="ReactGridGallery"
    imageCountSeparator=" of "
    images={
      Array [
        Object {
          "caption": "Sorscha (Warmachine)",
          "src": "sorscha.jpg",
          "thumbnail": "sorscha_thumb.jpg",
          "thumbnailHeight": 169,
          "thumbnailWidth": 300,
        },
        Object {
          "caption": "Derwyd the Druid (Friend's D&D Character, HeroForge)",
          "src": "derwyd.jpg",
          "thumbnail": "derwyd_thumb.jpg",
          "thumbnailHeight": 225,
          "thumbnailWidth": 300,
        },
        Object {
          "caption": "Me busting out some Lady Gaga Karaoke",
          "src": "me-singing.jpg",
          "thumbnail": "me-singing_thumb.jpg",
          "thumbnailHeight": 300,
          "thumbnailWidth": 300,
        },
        Object {
          "caption": "Me wearing armor in the SCA",
          "src": "me-at-lillies.jpg",
          "thumbnail": "me-at-lillies_thumb.jpg",
          "thumbnailHeight": 400,
          "thumbnailWidth": 300,
        },
        Object {
          "caption": "Warhammer 40,000 Trench Diorama (front)",
          "src": "trench-diorama-front.jpg",
          "thumbnail": "trench-diorama-front_thumb.jpg",
          "thumbnailHeight": 225,
          "thumbnailWidth": 300,
        },
        Object {
          "caption": "Warhammer 40,000 Trench Diorama (side)",
          "src": "trench-diorama-side.jpg",
          "thumbnail": "trench-diorama-side_thumb.jpg",
          "thumbnailHeight": 225,
          "thumbnailWidth": 300,
        },
        Object {
          "caption": "Gitmoar, a data visualization hackathon project",
          "src": "gitmoar.jpg",
          "thumbnail": "gitmoar_thumb.jpg",
          "thumbnailHeight": 169,
          "thumbnailWidth": 300,
        },
        Object {
          "caption": "Me hiking in Washington Park, Portland OR",
          "src": "me-in-woods.jpg",
          "thumbnail": "me-in-woods_thumb.jpg",
          "thumbnailHeight": 169,
          "thumbnailWidth": 300,
        },
        Object {
          "caption": "At Steak 'n Shake, the greatest restaurant of all",
          "src": "me-at-steak-n-shake.jpg",
          "thumbnail": "me-at-steak-n-shake_thumb.jpg",
          "thumbnailHeight": 400,
          "thumbnailWidth": 300,
        },
        Object {
          "caption": "Me when I worked at AppNexus",
          "src": "me-at-appnexus.jpg",
          "thumbnail": "me-at-appnexus_thumb.jpg",
          "thumbnailHeight": 219,
          "thumbnailWidth": 300,
        },
        Object {
          "caption": "Black Templars Marshal (Warhammer 40k)",
          "src": "marshal.jpg",
          "thumbnail": "marshal_thumb.jpg",
          "thumbnailHeight": 334,
          "thumbnailWidth": 300,
        },
        Object {
          "caption": "Black Templars Landraider (Warhammer 40k)",
          "src": "landraider.jpg",
          "thumbnail": "landraider_thumb.jpg",
          "thumbnailHeight": 225,
          "thumbnailWidth": 300,
        },
        Object {
          "caption": "Black Templars Dreadnought (Warhammer 40k)",
          "src": "dreadnought.jpg",
          "thumbnail": "dreadnought_thumb.jpg",
          "thumbnailHeight": 225,
          "thumbnailWidth": 300,
        },
        Object {
          "caption": "Cesnica, a Traditional Serbian Christmas bread I baked",
          "src": "cesnica.jpg",
          "thumbnail": "cesnica_thumb.jpg",
          "thumbnailHeight": 169,
          "thumbnailWidth": 300,
        },
        Object {
          "caption": "My custom-built gaming PC",
          "src": "gaming-rig.jpg",
          "thumbnail": "gaming-rig_thumb.jpg",
          "thumbnailHeight": 225,
          "thumbnailWidth": 300,
        },
        Object {
          "caption": "CS Senior-Capstone UAV Computer Vision Project",
          "src": "capstone-project.jpg",
          "thumbnail": "capstone-project_thumb.jpg",
          "thumbnailHeight": 169,
          "thumbnailWidth": 300,
        },
        Object {
          "caption": "Vandana the Bard (Friend's D&D Character, Reaper)",
          "src": "vandana.jpg",
          "thumbnail": "vandana_thumb.jpg",
          "thumbnailHeight": 225,
          "thumbnailWidth": 300,
        },
        Object {
          "caption": "Ekmuss the Warlock (Friend's D&D Character, Reaper)",
          "src": "ekmuss.jpg",
          "thumbnail": "ekmuss_thumb.jpg",
          "thumbnailHeight": 400,
          "thumbnailWidth": 300,
        },
        Object {
          "caption": "Gnoll Leader (Reaper Bones)",
          "src": "gnoll.jpg",
          "thumbnail": "gnoll_thumb.jpg",
          "thumbnailHeight": 225,
          "thumbnailWidth": 300,
        },
        Object {
          "caption": "Black Dragon Pikemen (Warmachine)",
          "src": "black-dragons.jpg",
          "thumbnail": "black-dragons_thumb.jpg",
          "thumbnailHeight": 225,
          "thumbnailWidth": 300,
        },
        Object {
          "caption": "Some of my laptop sticker layouts from the past",
          "src": "laptop-stickers.jpg",
          "thumbnail": "laptop-stickers_thumb.jpg",
          "thumbnailHeight": 225,
          "thumbnailWidth": 300,
        },
        Object {
          "caption": "Juggernaut (Warmachine)",
          "src": "juggernaut.jpg",
          "thumbnail": "juggernaut_thumb.jpg",
          "thumbnailHeight": 169,
          "thumbnailWidth": 300,
        },
        Object {
          "caption": "Vladimir (a Pathfinder OC of mine)",
          "src": "vlad.png",
          "thumbnail": "vlad_thumb.png",
          "thumbnailHeight": 404,
          "thumbnailWidth": 300,
        },
        Object {
          "caption": "Beast 09 (Warmachine)",
          "src": "beast-09.jpg",
          "thumbnail": "beast-09_thumb.jpg",
          "thumbnailHeight": 169,
          "thumbnailWidth": 300,
        },
        Object {
          "caption": "Widowmakers (Warmachine)",
          "src": "widowmakers.jpg",
          "thumbnail": "widowmakers_thumb.jpg",
          "thumbnailHeight": 169,
          "thumbnailWidth": 300,
        },
        Object {
          "caption": "The Butcher (Warmachine)",
          "src": "butcher.jpg",
          "thumbnail": "butcher_thumb.jpg",
          "thumbnailHeight": 169,
          "thumbnailWidth": 300,
        },
        Object {
          "caption": "Mandy (from the movie Mandy)",
          "src": "mandy.jpg",
          "thumbnail": "mandy_thumb.jpg",
          "thumbnailHeight": 200,
          "thumbnailWidth": 300,
        },
        Object {
          "caption": "Ruin (Warmachine)",
          "src": "ruin.jpg",
          "thumbnail": "ruin_thumb.jpg",
          "thumbnailHeight": 169,
          "thumbnailWidth": 300,
        },
        Object {
          "caption": "Alexia and Valachev (Warmachine)",
          "src": "alexia-valachev.jpg",
          "thumbnail": "alexia-valachev_thumb.jpg",
          "thumbnailHeight": 225,
          "thumbnailWidth": 300,
        },
      ]
    }
    isOpen={false}
    lightboxWidth={1024}
    margin={2}
    preloadNextImage={true}
    rowHeight={180}
    showCloseButton={true}
    showImageCount={true}
    showLightboxThumbnails={false}
  />
</WithStyles(Paper)>
`;
