// Jest Snapshot v1, https://goo.gl/fbAQLP

exports[`Home should render with default props 1`] = `
<WithStyles(Paper)
  className="root"
  elevation={1}
>
  <WithStyles(Typography)
    variant="h2"
  >
    Home
  </WithStyles(Typography)>
  <WithStyles(Divider)
    className="divider"
  />
  <img
    alt="my-face"
    className="face"
    src="me.jpg"
  />
  <WithStyles(Typography)
    variant="body1"
  >
    I wrote enough React to make my head spin!
  </WithStyles(Typography)>
  <WithStyles(Typography)
    variant="body1"
  >
    More content to come soon...
  </WithStyles(Typography)>
  <WithStyles(Typography)
    variant="body1"
  >
    <a
      href="https://reactjs.org"
      rel="noopener noreferrer"
      target="_blank"
    >
      Learn React
    </a>
  </WithStyles(Typography)>
</WithStyles(Paper)>
`;
